mode: set
/home/marcelo/Workspace/go/projects/actajus/internal/infrastructure/adapter/jwt.go:34.59,36.2 1 1
/home/marcelo/Workspace/go/projects/actajus/internal/infrastructure/adapter/jwt.go:38.77,45.16 2 1
/home/marcelo/Workspace/go/projects/actajus/internal/infrastructure/adapter/jwt.go:45.16,47.3 1 0
/home/marcelo/Workspace/go/projects/actajus/internal/infrastructure/adapter/jwt.go:48.2,54.16 2 1
/home/marcelo/Workspace/go/projects/actajus/internal/infrastructure/adapter/jwt.go:54.16,56.3 1 0
/home/marcelo/Workspace/go/projects/actajus/internal/infrastructure/adapter/jwt.go:57.2,60.8 1 1
/home/marcelo/Workspace/go/projects/actajus/internal/infrastructure/adapter/jwt.go:63.110,66.16 3 1
/home/marcelo/Workspace/go/projects/actajus/internal/infrastructure/adapter/jwt.go:66.16,68.3 1 0
/home/marcelo/Workspace/go/projects/actajus/internal/infrastructure/adapter/jwt.go:69.2,80.43 3 1
/home/marcelo/Workspace/go/projects/actajus/internal/infrastructure/adapter/jwt.go:83.86,85.2 1 0
/home/marcelo/Workspace/go/projects/actajus/internal/infrastructure/adapter/jwt.go:87.87,89.2 1 0
/home/marcelo/Workspace/go/projects/actajus/internal/infrastructure/adapter/jwt.go:91.102,100.98 1 0
/home/marcelo/Workspace/go/projects/actajus/internal/infrastructure/adapter/jwt.go:100.98,101.54 1 0
/home/marcelo/Workspace/go/projects/actajus/internal/infrastructure/adapter/jwt.go:101.54,103.4 1 0
/home/marcelo/Workspace/go/projects/actajus/internal/infrastructure/adapter/jwt.go:104.3,104.29 1 0
/home/marcelo/Workspace/go/projects/actajus/internal/infrastructure/adapter/jwt.go:106.2,106.16 1 0
/home/marcelo/Workspace/go/projects/actajus/internal/infrastructure/adapter/jwt.go:106.16,107.42 1 0
/home/marcelo/Workspace/go/projects/actajus/internal/infrastructure/adapter/jwt.go:107.42,109.4 1 0
/home/marcelo/Workspace/go/projects/actajus/internal/infrastructure/adapter/jwt.go:110.3,110.44 1 0
/home/marcelo/Workspace/go/projects/actajus/internal/infrastructure/adapter/jwt.go:112.2,113.25 2 0
/home/marcelo/Workspace/go/projects/actajus/internal/infrastructure/adapter/jwt.go:113.25,115.3 1 0
/home/marcelo/Workspace/go/projects/actajus/internal/infrastructure/adapter/jwt.go:116.2,116.38 1 0
/home/marcelo/Workspace/go/projects/actajus/internal/infrastructure/adapter/jwt.go:116.38,118.3 1 0
/home/marcelo/Workspace/go/projects/actajus/internal/infrastructure/adapter/jwt.go:119.2,122.8 1 0
/home/marcelo/Workspace/go/projects/actajus/internal/infrastructure/adapter/jwt.go:125.84,127.16 2 0
/home/marcelo/Workspace/go/projects/actajus/internal/infrastructure/adapter/jwt.go:127.16,129.3 1 0
/home/marcelo/Workspace/go/projects/actajus/internal/infrastructure/adapter/jwt.go:130.2,130.43 1 0
